{
  "aio": {
    "uncompressed": {
      "runtime": 4252,
      "main": 501754,
      "polyfills": 33862,
      "styles": 60209,
      "light-theme": 31614,
      "dark-theme": 31808
    }
  },
  "aio-local": {
    "uncompressed": {
      "runtime": 4252,
      "main": 501754,
      "polyfills": 33862,
      "styles": 60209,
      "light-theme": 31614,
      "dark-theme": 31808
    }
  }
}
